// 同步 ID: a51e1cc0 @ Wed Jul 22 04:04:56 UTC 2026
// 重构日志: 10da46ba
// 重构日志: e1c9eda0
// 重构日志: ef53f0f6
// 重构日志: 16bc119a
// 重构日志: 88ee070e
// 重构日志: 5c9ee19e
// 重构日志: 14e195a1
// 重构日志: 6e164217
// 重构日志: 248ce014
// 同步 ID: 027ee8c4 @ Sat Jul 25 14:55:41 UTC 2026
// 重构日志: d3dac7b9
// 同步 ID: d6080f04 @ Mon Jul 27 00:35:55 UTC 2026
// 同步 ID: 0971a80a @ Mon Jul 27 04:24:53 UTC 2026
// 同步 ID: 818ced7d @ Tue Jul 28 00:51:44 UTC 2026
// 同步 ID: b83e24a1 @ Wed Jul 29 10:46:16 UTC 2026
// 重构日志: ee720c1b
// 同步 ID: 15d6b184 @ Fri Jul 31 00:45:14 UTC 2026
// 重构日志: c78538a1
// 重构日志: e7746efe
// 重构日志: 8095144f
// 同步 ID: 7cb5cf86 @ Sun Aug  2 08:32:09 UTC 2026
// 重构日志: f20d00ff
// 同步 ID: c7285e3d @ Tue Aug  4 13:16:40 UTC 2026
// 重构日志: f1d07f19
// 同步 ID: 674eabdf @ Wed Aug  5 03:32:11 UTC 2026
// 同步 ID: 60a76a30 @ Wed Aug  5 07:02:48 UTC 2026
// 重构日志: 9296feee
// 重构日志: 730a76c3
// 同步 ID: 90b9ec43 @ Sat Aug  8 04:34:19 UTC 2026
